// Jest Snapshot v1, https://goo.gl/fbAQLP

exports[`LibraryPage should display the user's library 1`] = `"<div class=\\"libraryPage\\"><h1>LIBRARY</h1><div><div class=\\"libraryMenues\\"><span class=\\"iconButton\\" title=\\"Collapse Playlist\\" style=\\"width: 20px; height: 20px;\\"><svg><use xlink:href=\\"undefined\\"></use></svg></span><span>PLAYLISTS</span><span class=\\"iconButton\\" title=\\"Collapse Playlist\\" style=\\"width: 20px; height: 20px;\\"><svg><use xlink:href=\\"undefined\\"></use></svg></span></div><div><div><div class=\\"libraryCommon\\"><div><hr><p>Realized by you</p></div><span><a href=\\"#\\"><img src=\\"test-file-stub\\" alt=\\"\\"></a><p><a href=\\"#\\">New Playlist</a></p></span><span><a href=\\"#\\"><div class=\\"divImage singleimage\\" style=\\"width: 150px; height: 150px;\\"><div><img src=\\"test-file-stub\\" alt=\\"\\"></div></div></a><p><a href=\\"#\\">Saem Playlist</a></p></span></div><div class=\\"libraryCommon\\"></div></div></div><div class=\\"libraryMenues\\"><span class=\\"iconButton\\" title=\\"Collapse Artists\\" style=\\"width: 20px; height: 20px;\\"><svg><use xlink:href=\\"undefined\\"></use></svg></span><span>ARTISTS</span><span class=\\"iconButton\\" title=\\"Collapse Artists\\" style=\\"width: 20px; height: 20px;\\"><svg><use xlink:href=\\"undefined\\"></use></svg></span></div><div><div class=\\"libraryArtists\\"><span><a href=\\"#\\"><img src=\\"test-file-stub\\" alt=\\"\\"></a><p><a href=\\"#\\">Linkin Park</a></p></span></div></div><div class=\\"libraryMenues\\"><span class=\\"iconButton\\" title=\\"Collapse Releases\\" style=\\"width: 20px; height: 20px;\\"><svg><use xlink:href=\\"undefined\\"></use></svg></span><span>RELEASES</span><span class=\\"iconButton\\" title=\\"Collapse Releases\\" style=\\"width: 20px; height: 20px;\\"><svg><use xlink:href=\\"undefined\\"></use></svg></span></div><div><div class=\\"libraryCommon\\"><span><a href=\\"#\\"><img src=\\"test-file-stub\\" alt=\\"\\"></a><p><a href=\\"#\\">Meteora</a></p><p>By <a href=\\"#\\">Linkin Park</a></p></span></div></div><div class=\\"libraryMenues\\"><span class=\\"iconButton\\" title=\\"Collapse Songs\\" style=\\"width: 20px; height: 20px;\\"><svg><use xlink:href=\\"undefined\\"></use></svg></span><span>SONGS</span><span class=\\"iconButton\\" title=\\"Collapse Songs\\" style=\\"width: 20px; height: 20px;\\"><svg><use xlink:href=\\"undefined\\"></use></svg></span></div><div><div class=\\"songsInfo\\"><table><tr><th></th><th></th><th><button>Title</button></th><th><button>Artist</button></th><th><button>Release</button></th><th><button>Time</button></th><th></th><th><button>Pitch</button></th><th></th><th><button>Plays</button></th></tr><tr><td class=\\"hidenButtons\\"><span class=\\"iconButton\\" title=\\"Play\\" style=\\"width: 22px; height: 22px;\\"><svg><use xlink:href=\\"undefined\\"></use></svg></span></td><td><span class=\\"iconButton\\" title=\\"Like\\" style=\\"width: 24px; height: 24px;\\"><svg><use xlink:href=\\"undefined\\"></use></svg></span></td><td><p>Foreword</p></td><td><a href=\\"#\\">Linkin Park</a></td><td><a href=\\"#\\">Meteora</a></td><td>0:20</td><td></td><td></td><td></td><td></td><td class=\\"hidenButtons\\"><span class=\\"iconButton\\" title=\\"Menu\\" style=\\"width: 24px; height: 24px;\\"><svg><use xlink:href=\\"undefined\\"></use></svg></span></td></tr></table></div></div></div></div>"`;
